// Jest Snapshot v1, https://goo.gl/fbAQLP

exports[
  `client/components/presentation/index -> <Index todos={todos} /> should render correctly 1`
] = `
<html
  lang="en"
>
  <head>
    <meta
      charSet="utf-8"
    />
    <title>
      Node.js + Hapi.js + Web Sockets + HTTPS + HTTP/2 + React.js + Redux.js | Todo Example
    </title>
    <meta
      content="Boilerplate app to get you up and running with Hapi, HTTP/2, Web Sockets and React."
      name="description"
    />
    <meta
      content="width=device-width, initial-scale=1"
      name="viewport"
    />
    <link
      as="style"
      href="/css/vendors.css"
      rel="preload"
    />
    <link
      as="style"
      href="/css/bundle.css"
      rel="preload"
    />
    <link
      as="script"
      href="/js/bundle.js"
      rel="preload"
    />
    <link
      href="/css/vendors.css"
      rel="stylesheet"
      type="text/css"
    />
    <link
      href="/css/bundle.css"
      rel="stylesheet"
      type="text/css"
    />
  </head>
  <body>
    <main>
      <div
        id="app"
      >
        [{"title":"my title","body":"my body"}]
      </div>
    </main>
    <script
      async={true}
      src="/js/bundle.js"
    />
  </body>
</html>
`;
